[demo4.togdemyazilim.com/index.html]
[backblue.gif]
[fade.gif]
[index.html]
[demo4.togdemyazilim.com/wp-content/slick/slick.css]
[kit.fontawesome.com/2bb89b89c7.js]
[code.jquery.com/jquery-3.4.1.min.js]
[demo4.togdemyazilim.com/wp-includes/css/dist/block-library/style.min4cba4cba.css]
[demo4.togdemyazilim.com/wp-content/plugins/revslider/public/assets/css/settings23da23da.css]
[demo4.togdemyazilim.com/wp-content/plugins/woocommerce/assets/css/woocommerce-layouta7daa7da.css]
[demo4.togdemyazilim.com/wp-content/plugins/woocommerce/assets/css/woocommerce-smallscreena7daa7da.css]
[demo4.togdemyazilim.com/wp-content/plugins/woocommerce/assets/css/woocommercea7daa7da.css]
[demo4.togdemyazilim.com/wp-content/themes/kallyas-child/stylef177f177.css]
[demo4.togdemyazilim.com/wp-content/themes/kallyas/css/bootstrap.minf177f177.css]
[demo4.togdemyazilim.com/wp-content/themes/kallyas/css/template.minf177f177.css]
[demo4.togdemyazilim.com/wp-content/uploads/sites/33/zion-builder/cache/115-layoutbec5bec5.css]
[demo4.togdemyazilim.com/wp-content/themes/kallyas/css/plugins/kl-woocommercef177f177.css]
[demo4.togdemyazilim.com/wp-content/themes/kallyas/framework/zion-builder/assets/css/znb_frontende2ade2ad.css]
[demo4.togdemyazilim.com/wp-content/themes/kallyas/css/printf177f177.css]
[demo4.togdemyazilim.com/wp-content/uploads/sites/33/zion-builder/cache/101-layoutb8d6b8d6.css]
[demo4.togdemyazilim.com/wp-content/uploads/sites/33/zn_dynamic0a3b0a3b.css]
[demo4.togdemyazilim.com/wp-content/plugins/typed/js/frontend4cba4cba.js]
[demo4.togdemyazilim.com/wp-content/plugins/typed/js/typed4cba4cba.js]
[demo4.togdemyazilim.com/wp-json/index.html]
[demo4.togdemyazilim.com/wp-includes/wlwmanifest.xml]
[demo4.togdemyazilim.com/wp-content/plugins/revslider/public/assets/js/jquery.themepunch.revolution.min23da23da.js]
[demo4.togdemyazilim.com/duyurular/maskemizi-takalim-mesafemizi-koruyalim-4083.html]
[demo4.togdemyazilim.com/wp-content/plugins/revslider/public/assets/js/jquery.themepunch.tools.min23da23da.js]
[admin.togdem.com/AdminPanel_Assets/img/resimGuncelle/32/20200512134946883.png]
[demo4.togdemyazilim.com/home/baskan.html]
[demo4.togdemyazilim.com/home/baskanalbum.html]
[demo4.togdemyazilim.com/home/baskanasor.html]
[demo4.togdemyazilim.com/home/baskanmesaji.html]
[demo4.togdemyazilim.com/home/birimler.html]
[demo4.togdemyazilim.com/home/baskanyardimcilari.html]
[demo4.togdemyazilim.com/home/meclisuyeleri.html]
[demo4.togdemyazilim.com/home/encumenler.html]
[demo4.togdemyazilim.com/home/eskibaskanlar.html]
[demo4.togdemyazilim.com/home/muhtarlar.html]
[demo4.togdemyazilim.com/home/mecliskararlari.html]
[demo4.togdemyazilim.com/home/komisyonkararlari.html]
[demo4.togdemyazilim.com/home/faaliyetraporlari.html]
[demo4.togdemyazilim.com/home/misyonvizyon.html]
[demo4.togdemyazilim.com/home/teskilatsemasi.html]
[demo4.togdemyazilim.com/home/etikkomisyonu.html]
[demo4.togdemyazilim.com/home/tarihce.html]
[demo4.togdemyazilim.com/kentrehberi.html]
[demo4.togdemyazilim.com/home/galeri/1.html]
[demo4.togdemyazilim.com/home/sehitlerimiz.html]
[demo4.togdemyazilim.com/home/nikahlar.html]
[demo4.togdemyazilim.com/haberler/1.html]
[demo4.togdemyazilim.com/etkinlikler/1.html]
[demo4.togdemyazilim.com/home/duyurular.html]
[demo4.togdemyazilim.com/projeler.html]
[demo4.togdemyazilim.com/haberler/250-bin-cicek-toprakla-bulusuyor-2297.html]
[admin.togdem.com/AdminPanel_Assets/img/haberler/32/250-bin-cicek-toprakla-bulusuyor-4.jpg]
[demo4.togdemyazilim.com/haberler/asfaltlama-calismalari-devam-ediyor-2296.html]
[admin.togdem.com/AdminPanel_Assets/img/haberler/32/asfaltlama-calismalari-devam-ediyor-3.jpg]
[demo4.togdemyazilim.com/haberler/sokak-hayvanlarini-unutmadik-2295.html]
[admin.togdem.com/AdminPanel_Assets/img/haberler/32/sokak-hayvanlarini-unutmadik-3.jpg]
[demo4.togdemyazilim.com/haberler/kar-gunceye-cok-yakisti-2294.html]
[admin.togdem.com/AdminPanel_Assets/img/haberler/32/kar-gunceye-cok-yakisti-3.jpg]
[demo4.togdemyazilim.com/haberler/uc-bolgeyi-asfaltla-bulusturduk-2293.html]
[admin.togdem.com/AdminPanel_Assets/img/haberler/32/uc-bolgeyi-asfaltla-bulusturduk-5.jpg]
[demo4.togdemyazilim.com/home/vefatedenler.html]
[demo4.togdemyazilim.com/home/isteksikayet.html]
[demo4.togdemyazilim.com/home/bifikrimvar.html]
[demo4.togdemyazilim.com/home/belgeOrnekleri.html]
[demo4.togdemyazilim.com/home/iletisim.html]
[admin.togdem.com/AdminPanel_Assets/img/sliderlar/32/guncelleme/170/170.jpg]
[admin.togdem.com/AdminPanel_Assets/img/sliderlar/32/guncelleme/171/171.jpg]
[admin.togdem.com/AdminPanel_Assets/img/sliderlar/32/guncelleme/172/172.jpg]
[admin.togdem.com/AdminPanel_Assets/img/sliderlar/32/guncelleme/173/173.jpg]
[admin.togdem.com/AdminPanel_Assets/img/resimGuncelle/32/20201005153525469.png]
[demo4.togdemyazilim.com/haberler/corona-virusune-karsi-tedbir-2292.html]
[admin.togdem.com/AdminPanel_Assets/img/haberler/32/corona-virusune-karsi-tedbir-6.jpg]
[demo4.togdemyazilim.com/haberler/asfalt-bakim-onarim-calismalari-devam-ed-2291.html]
[admin.togdem.com/AdminPanel_Assets/img/haberler/32/asfalt-bakim-onarim-calismalari-devam-ediyor-4.jpg]
[demo4.togdemyazilim.com/haberler/parklara-bahar-bakimi-2290.html]
[admin.togdem.com/AdminPanel_Assets/img/haberler/32/parklara-bahar-bakimi-2.jpg]
[demo4.togdemyazilim.com/haberler/cocuk-oyun-alanlari-dezenfekte-ediliyor-2289.html]
[admin.togdem.com/AdminPanel_Assets/img/haberler/32/cocuk-oyun-alanlari-dezenfekte-ediliyor_6.jpg]
[demo4.togdemyazilim.com/etkinlikler/memleketim-1305.html]
[admin.togdem.com/AdminPanel_Assets/img/etkinlikler/32/memleketim-3.jpg]
[demo4.togdemyazilim.com/etkinlikler/amiral-batti-kaciyorusss-tiyatrosu-1302.html]
[admin.togdem.com/AdminPanel_Assets/img/etkinlikler/32/amiral-batti-kaciyorusss-tiyatrosu-3.jpg]
[demo4.togdemyazilim.com/etkinlikler/windsorun-sen-kadinlari-1303.html]
[admin.togdem.com/AdminPanel_Assets/img/etkinlikler/32/windsorun-sen-kadinlari-3.jpg]
[demo4.togdemyazilim.com/etkinlikler/kamelyali-kadin-1304.html]
[admin.togdem.com/AdminPanel_Assets/img/etkinlikler/32/kamelyali-kadin-3.jpg]
[demo4.togdemyazilim.com/etkinlikler/buzlar-cozulmeden-1306.html]
[admin.togdem.com/AdminPanel_Assets/img/etkinlikler/32/buzlar-cozulmeden-3.jpg]
[admin.togdem.com/AdminPanel_Assets/img/duyuruilan.png]
[admin.togdem.com/AdminPanel_Assets/img/siteicerik/32/1/hizmetbirresim.png]
[admin.togdem.com/AdminPanel_Assets/img/siteicerik/32/1/hizmetikiresim.png]
[admin.togdem.com/AdminPanel_Assets/img/siteicerik/32/1/hizmetucresim.png]
[admin.togdem.com/AdminPanel_Assets/img/siteicerik/32/1/hizmetdortresim.png]
[admin.togdem.com/AdminPanel_Assets/img/siteicerik/32/1/hizmetbesresim.png]
[admin.togdem.com/AdminPanel_Assets/img/siteicerik/32/1/hizmetaltiresim.png]
[admin.togdem.com/AdminPanel_Assets/img/resimGuncelle/32/292.png]
[admin.togdem.com/AdminPanel_Assets/img/resimGuncelle/32/293.png]
[admin.togdem.com/AdminPanel_Assets/img/resimGuncelle/32/302.jpg]
[admin.togdem.com/AdminPanel_Assets/img/galeri/32/0/20201005153331547.jpg]
[admin.togdem.com/AdminPanel_Assets/img/galeri/32/4607/20201005153331625.jpg]
[admin.togdem.com/AdminPanel_Assets/img/galeri/32/4608/20201005153331828.jpg]
[admin.togdem.com/AdminPanel_Assets/img/galeri/32/4609/20201005153332141.jpg]
[admin.togdem.com/AdminPanel_Assets/img/galeri/32/4610/20201005153332375.png]
[admin.togdem.com/AdminPanel_Assets/img/galeri/32/4611/20201005153332422.jpg]
[demo4.togdemyazilim.com/home/baskanalbum/1.html]
[admin.togdem.com/AdminPanel_Assets/img/baskanalbum/32/0/20210207005539222.png]
[admin.togdem.com/AdminPanel_Assets/img/baskanalbum/32/7414/20210207005539425.png]
[admin.togdem.com/AdminPanel_Assets/img/baskanalbum/32/7415/20210207005539456.jpg]
[admin.togdem.com/AdminPanel_Assets/img/baskanalbum/32/7416/20210207005539472.jpg]
[admin.togdem.com/AdminPanel_Assets/img/baskanalbum/32/7417/20210207005539503.jpg]
[admin.togdem.com/AdminPanel_Assets/img/baskanalbum/32/7418/20210207005539534.jpg]
[img.youtube.com/vi/0JluRelgZ3s/mqdefault.jpg]
[img.youtube.com/vi/kIjibf5o-9E/mqdefault.jpg]
[img.youtube.com/vi/gOMhN-hfMtY/mqdefault.jpg]
[admin.togdem.com/AdminPanel_Assets/img/resimGuncelle/32/294.jpg]
[admin.togdem.com/AdminPanel_Assets/img/resimGuncelle/32/297.jpg]
[admin.togdem.com/AdminPanel_Assets/img/resimGuncelle/32/20200512135146135.jpg]
[admin.togdem.com/AdminPanel_Assets/img/resimGuncelle/32/325.jpg]
[admin.togdem.com/AdminPanel_Assets/img/resimGuncelle/32/324.jpg]
[admin.togdem.com/AdminPanel_Assets/img/resimGuncelle/32/20200512135202760.jpg]
[admin.togdem.com/AdminPanel_Assets/img/resimGuncelle/32/328.jpg]
[admin.togdem.com/AdminPanel_Assets/img/resimGuncelle/32/327.jpg]
[admin.togdem.com/AdminPanel_Assets/img/resimGuncelle/32/20200512135223807.jpg]
[demo4.togdemyazilim.com/wp-content/kucukresimler/kdk.png]
[demo4.togdemyazilim.com/wp-content/kucukresimler/cumhurbaskanligi.png]
[demo4.togdemyazilim.com/wp-content/kucukresimler/Icisleri_Bakanligi.png]
[demo4.togdemyazilim.com/wp-content/kucukresimler/Cimer.png]
[demo4.togdemyazilim.com/wp-content/kucukresimler/egm.png]
[demo4.togdemyazilim.com/wp-content/kucukresimler/edevlet.png]
[demo4.togdemyazilim.com/wp-content/kucukresimler/tbmm.png]
[demo4.togdemyazilim.com/wp-content/kucukresimler/tbb.png]
[demo4.togdemyazilim.com/wp-content/kucukresimler/tkdk.png]
[demo4.togdemyazilim.com/home/index.html]
[demo4.togdemyazilim.com/wp-content/themes/kallyas/addons/scrollmagic/scrollmagicf177.js]
[demo4.togdemyazilim.com/wp-content/themes/kallyas/js/plugins.minf177.js]
[demo4.togdemyazilim.com/wp-content/themes/kallyas/addons/slick/slick.minf177.js]
[demo4.togdemyazilim.com/wp-content/themes/kallyas/js/znscript.minf177f177.js]
[demo4.togdemyazilim.com/wp-includes/js/wp-embed.min4cba4cba.js]
[demo4.togdemyazilim.com/wp-content/themes/kallyas/framework/zion-builder/dist/znpb_frontend.bundlee2ade2ad.js]
[demo4.togdemyazilim.com/wp-content/slick/slick.min.js]
[cdnjs.cloudflare.com/ajax/libs/lightbox2/2.8.2/css/lightbox.min.css]
[cdnjs.cloudflare.com/ajax/libs/twitter-bootstrap/4.1.3/js/bootstrap.bundle.min.js]
[cdnjs.cloudflare.com/ajax/libs/lightbox2/2.8.2/js/lightbox.min.js]
[connect.facebook.net/tr_TR/sdk.js]
[platform.twitter.com/widgets.js]
[demo4.togdemyazilim.com/index.html]
[demo4.togdemyazilim.com/wp-content/slick/slick.css]
[demo4.togdemyazilim.com/feed/index.html]
[demo4.togdemyazilim.com/wp-includes/css/dist/block-library/style.min4cba4cba.css]
[demo4.togdemyazilim.com/wp-content/plugins/revslider/public/assets/fonts/revicons/revicons90c690c6.eot]
[demo4.togdemyazilim.com/wp-content/plugins/revslider/public/assets/fonts/revicons/revicons90c690c6.woff]
[demo4.togdemyazilim.com/wp-content/plugins/revslider/public/assets/fonts/revicons/revicons90c690c6.ttf]
[demo4.togdemyazilim.com/wp-content/plugins/revslider/public/assets/css/openhand.html]
[demo4.togdemyazilim.com/wp-content/plugins/revslider/public/assets/css/closedhand.html]
[demo4.togdemyazilim.com/wp-content/plugins/revslider/public/assets/assets/gridtile.png]
[demo4.togdemyazilim.com/wp-content/plugins/revslider/public/assets/assets/gridtile_white.png]
[demo4.togdemyazilim.com/wp-content/plugins/revslider/public/assets/assets/gridtile_3x3.png]
[demo4.togdemyazilim.com/wp-content/plugins/revslider/public/assets/assets/gridtile_3x3_white.png]
[demo4.togdemyazilim.com/wp-content/plugins/revslider/public/assets/assets/coloredbg.png]
[demo4.togdemyazilim.com/wp-content/plugins/revslider/public/assets/assets/loader.gif]
[demo4.togdemyazilim.com/wp-content/plugins/revslider/public/assets/css/settings23da23da.css]
[demo4.togdemyazilim.com/wp-content/plugins/woocommerce/assets/css/woocommerce-layouta7daa7da.css]
[demo4.togdemyazilim.com/wp-content/plugins/woocommerce/assets/css/woocommerce-smallscreena7daa7da.css]
[demo4.togdemyazilim.com/wp-content/plugins/woocommerce/assets/fonts/star.eot]
[demo4.togdemyazilim.com/wp-content/plugins/woocommerce/assets/fonts/stard41dd41d.eot]
[demo4.togdemyazilim.com/wp-content/plugins/woocommerce/assets/fonts/star.woff]
[demo4.togdemyazilim.com/wp-content/plugins/woocommerce/assets/fonts/star.ttf]
[demo4.togdemyazilim.com/wp-content/plugins/woocommerce/assets/fonts/WooCommerce.eot]
[demo4.togdemyazilim.com/wp-content/plugins/woocommerce/assets/fonts/WooCommerced41dd41d.eot]
[demo4.togdemyazilim.com/wp-content/plugins/woocommerce/assets/fonts/WooCommerce.woff]
[demo4.togdemyazilim.com/wp-content/plugins/woocommerce/assets/fonts/WooCommerce.ttf]
[demo4.togdemyazilim.com/wp-content/plugins/woocommerce/assets/css/woocommercea7daa7da.css]
[demo4.togdemyazilim.com/wp-content/themes/kallyas-child/stylef177f177.css]
[demo4.togdemyazilim.com/wp-content/themes/kallyas/template_helpers/icons/glyphicons_halflingsregular/glyphicons_halflingsregular.eot]
[demo4.togdemyazilim.com/wp-content/themes/kallyas/template_helpers/icons/glyphicons_halflingsregular/glyphicons_halflingsregulard41dd41d.eot]
[demo4.togdemyazilim.com/wp-content/themes/kallyas/template_helpers/icons/glyphicons_halflingsregular/glyphicons_halflingsregular.html]
[demo4.togdemyazilim.com/wp-content/themes/kallyas/template_helpers/icons/glyphicons_halflingsregular/glyphicons_halflingsregular.woff]
[demo4.togdemyazilim.com/wp-content/themes/kallyas/template_helpers/icons/glyphicons_halflingsregular/glyphicons_halflingsregular.ttf]
[demo4.togdemyazilim.com/wp-content/themes/kallyas/css/bootstrap.minf177f177.css]
[demo4.togdemyazilim.com/wp-content/themes/kallyas/images/shadow-up.png]
[demo4.togdemyazilim.com/wp-content/themes/kallyas/images/shadow-down.png]
[demo4.togdemyazilim.com/wp-content/themes/kallyas/images/bottom_mask.png]
[demo4.togdemyazilim.com/wp-content/themes/kallyas/images/bottom_mask2.png]
[demo4.togdemyazilim.com/wp-content/themes/kallyas/images/hoverme.png]
[demo4.togdemyazilim.com/wp-content/themes/kallyas/images/say_hi.png]
[demo4.togdemyazilim.com/wp-content/themes/kallyas/images/twitter-bird.png]
[demo4.togdemyazilim.com/wp-content/themes/kallyas/images/say_hi_smaller.png]
[demo4.togdemyazilim.com/wp-content/themes/kallyas/css/template.minf177f177.css]
[demo4.togdemyazilim.com/wp-content/uploads/sites/33/2016/11/slide06.jpg]
[demo4.togdemyazilim.com/wp-content/uploads/sites/33/2016/11/slide25.jpg]
[demo4.togdemyazilim.com/wp-content/uploads/sites/33/2016/11/slide18.jpg]
[demo4.togdemyazilim.com/wp-content/uploads/sites/33/2016/11/slide19.jpg]
[demo4.togdemyazilim.com/wp-content/uploads/sites/33/zion-builder/cache/115-layoutbec5bec5.css]
[demo4.togdemyazilim.com/wp-content/themes/kallyas/images/ajax-loader.gif]
[demo4.togdemyazilim.com/wp-content/themes/kallyas/css/plugins/kl-woocommercef177f177.css]
[demo4.togdemyazilim.com/wp-content/themes/kallyas/framework/zion-builder/assets/css/znb_frontende2ade2ad.css]
[demo4.togdemyazilim.com/wp-content/uploads/sites/33/zion-builder/cache/101-layoutb8d6b8d6.css]
[demo4.togdemyazilim.com/wp-content/themes/kallyas/css/printf177f177.css]
[demo4.togdemyazilim.com/wp-content/themes/kallyas/template_helpers/icons/kl-social-icons/kl-social-icons.eot]
[demo4.togdemyazilim.com/wp-content/themes/kallyas/template_helpers/icons/kl-social-icons/kl-social-icons.woff]
[demo4.togdemyazilim.com/wp-content/themes/kallyas/template_helpers/icons/kl-social-icons/kl-social-icons.ttf]
[demo4.togdemyazilim.com/wp-content/uploads/sites/33/zn_fonts/kallyas/kallyas.eot]
[demo4.togdemyazilim.com/wp-content/uploads/sites/33/zn_fonts/kallyas/kallyas.woff]
[demo4.togdemyazilim.com/wp-content/uploads/sites/33/zn_fonts/kallyas/kallyas.ttf]
[demo4.togdemyazilim.com/wp-content/uploads/sites/33/zn_dynamic0a3b0a3b.css]
[demo4.togdemyazilim.com/wp-json/index.html]
[demo4.togdemyazilim.com/xmlrpc0db00db0.html]
[demo4.togdemyazilim.com/index-2.html]
[demo4.togdemyazilim.com/index198a198a.html]
[admin.togdem.com/adminPanel_Assets/img/duyuruilan-2.png]
[admin.togdem.com/adminPanel_Assets/duyuruBelgeleri/32/0/ornek-duyuru-belgesijpeg.jpg]
[demo4.togdemyazilim.com/duyurular/maskemizi-takalim-mesafemizi-koruyalim-4083.html]
[admin.togdem.com/AdminPanel_Assets/img/baskanalbum/32/7419/20210207005539550.jpg]
[admin.togdem.com/AdminPanel_Assets/img/baskanalbum/32/7420/20210207005539581.jpg]
[admin.togdem.com/AdminPanel_Assets/img/baskanalbum/32/7421/20210207005539612.jpg]
[demo4.togdemyazilim.com/home/baskan.html]
[demo4.togdemyazilim.com/home/baskanAlbum/1-2.html]
[demo4.togdemyazilim.com/home/baskanalbum.html]
[demo4.togdemyazilim.com/home/baskanasor.html]
[demo4.togdemyazilim.com/home/baskanmesaji.html]
[demo4.togdemyazilim.com/birimler/ornek-birim-52.html]
[demo4.togdemyazilim.com/birimler/ornek-birim-53.html]
[demo4.togdemyazilim.com/birimler/ornek-birim-54.html]
[demo4.togdemyazilim.com/home/birimler.html]
[demo4.togdemyazilim.com/home/birimler/1.html]
[admin.togdem.com/AdminPanel_Assets/img/baskanYardimcilari/32/baskan-yardimcisi-1.png]
[admin.togdem.com/AdminPanel_Assets/img/baskanYardimcilari/32/baskan-yardimcisi-2.png]
[admin.togdem.com/AdminPanel_Assets/img/baskanYardimcilari/32/baskan-yardimcisi-3.png]
[demo4.togdemyazilim.com/home/baskanyardimcilari.html]
[demo4.togdemyazilim.com/home/baskanyardimcilari/1.html]
[admin.togdem.com/AdminPanel_Assets/img/meclisUyeleri/32/guncelleme/132.png]
[admin.togdem.com/AdminPanel_Assets/img/meclisUyeleri/32/guncelleme/133.png]
[admin.togdem.com/AdminPanel_Assets/img/meclisUyeleri/32/guncelleme/134.png]
[admin.togdem.com/AdminPanel_Assets/img/meclisUyeleri/32/guncelleme/135.png]
[admin.togdem.com/AdminPanel_Assets/img/meclisUyeleri/32/guncelleme/136.png]
[demo4.togdemyazilim.com/home/meclisuyeleri.html]
[demo4.togdemyazilim.com/home/meclisuyeleri/1.html]
[admin.togdem.com/AdminPanel_Assets/img/encumenler/32/guncelleme/20201130201647021.jpg]
[admin.togdem.com/AdminPanel_Assets/img/encumenler/32/guncelleme/102.png]
[admin.togdem.com/AdminPanel_Assets/img/encumenler/32/guncelleme/103.png]
[admin.togdem.com/AdminPanel_Assets/img/encumenler/32/guncelleme/104.png]
[admin.togdem.com/AdminPanel_Assets/img/encumenler/32/guncelleme/105.png]
[admin.togdem.com/AdminPanel_Assets/img/encumenler/32/guncelleme/106.png]
[demo4.togdemyazilim.com/home/encumenler/1.html]
[demo4.togdemyazilim.com/home/encumenler/2.html]
[demo4.togdemyazilim.com/home/encumenler.html]
[admin.togdem.com/AdminPanel_Assets/img/eskiBaskanlar/32/eski-baskan-1.png]
[admin.togdem.com/AdminPanel_Assets/img/eskiBaskanlar/32/guncelleme/75.png]
[demo4.togdemyazilim.com/home/eskibaskanlar/1.html]
[demo4.togdemyazilim.com/home/eskibaskanlar.html]
[admin.togdem.com/AdminPanel_Assets/img/muhtarlar/32/guncelleme/101.jpg]
[admin.togdem.com/AdminPanel_Assets/img/muhtarlar/32/guncelleme/102.jpg]
[admin.togdem.com/AdminPanel_Assets/img/muhtarlar/32/guncelleme/103.jpg]
[admin.togdem.com/AdminPanel_Assets/img/muhtarlar/32/guncelleme/1340.jpg]
[admin.togdem.com/AdminPanel_Assets/img/muhtarlar/32/veli-yenigun.jpg]
[admin.togdem.com/AdminPanel_Assets/img/muhtarlar/32/mustafa-turk.jpg]
[demo4.togdemyazilim.com/home/Muhtarlar/1.html]
[demo4.togdemyazilim.com/home/muhtarlar.html]
[demo4.togdemyazilim.com/home/Muhtarlar/2.html]
[demo4.togdemyazilim.com/home/mecliskararlari.html]
[demo4.togdemyazilim.com/home/komisyonkararlari.html]
[demo4.togdemyazilim.com/home/faaliyetraporlari.html]
[admin.togdem.com/AdminPanel_Assets/img/resimGuncelle/32/299.jpg]
[demo4.togdemyazilim.com/home/misyonvizyon.html]
[demo4.togdemyazilim.com/home/teskilatsemasi.html]
[demo4.togdemyazilim.com/home/etikkomisyonu.html]
[admin.togdem.com/AdminPanel_Assets/img/resimGuncelle/32/300.jpg]
[admin.togdem.com/AdminPanel_Assets/img/galeri/32/4612/20201005153332453.jpg]
[demo4.togdemyazilim.com/home/tarihce.html]
[demo4.togdemyazilim.com/kentrehberi/tarihi-kaleici-67.html]
[admin.togdem.com/AdminPanel_Assets/img/tarihi-yer/32/tarihi-kaleici-11.jpg]
[demo4.togdemyazilim.com/kentrehberi/yivli-minare-68.html]
[admin.togdem.com/AdminPanel_Assets/img/tarihi-yer/32/yivli-minare-9.jpg]
[demo4.togdemyazilim.com/kentrehberi/kentrehberiliste/tarihi-yer/1.html]
[demo4.togdemyazilim.com/kentrehberi/sumbullu-bahce-konagi-61.html]
[admin.togdem.com/AdminPanel_Assets/img/sosyal-tesis/32/sumbullu-bahce-konagi-10.jpg]
[demo4.togdemyazilim.com/kentrehberi/haraccioglu-sosyal-tesisleri-62.html]
[admin.togdem.com/AdminPanel_Assets/img/sosyal-tesis/32/haraccioglu-sosyal-tesisleri-3.jpg]
[demo4.togdemyazilim.com/kentrehberi/kentrehberiliste/sosyal-tesis/1.html]
[demo4.togdemyazilim.com/kentrehberi.html]
[demo4.togdemyazilim.com/home/galeri/1.html]
[demo4.togdemyazilim.com/home/sehitlerimiz/1.html]
[demo4.togdemyazilim.com/home/sehitlerimiz.html]
[demo4.togdemyazilim.com/wp-content/kucukresimler/dugun.png]
[demo4.togdemyazilim.com/home/nikahlar.html]
[demo4.togdemyazilim.com/haberler/1.html]
[demo4.togdemyazilim.com/Etkinlikler/1-2.html]
[demo4.togdemyazilim.com/etkinlikler/1.html]
[demo4.togdemyazilim.com/duyurular/Maskemizi takalım mesafemizi koruyalım-4083.html]
[demo4.togdemyazilim.com/home/duyurular.html]
[demo4.togdemyazilim.com/projeler/belediye-saglik-tarama-tedavi-merkezi-projesi-76.html]
[admin.togdem.com/AdminPanel_Assets/img/projeler/32/belediye-saglik-tarama-tedavi-merkezi-projesi-5.jpg]
[demo4.togdemyazilim.com/projeler/bilim-ve-teknoloji-merkezi-projesi-77.html]
[admin.togdem.com/AdminPanel_Assets/img/projeler/32/bilim-ve-teknoloji-merkezi-projesi-5.jpg]
[demo4.togdemyazilim.com/projeler/projelistesi/planlanan/1.html]
[demo4.togdemyazilim.com/projeler/bakim-rehabilitasyon-ve-egitim-merkezi-79.html]
[admin.togdem.com/AdminPanel_Assets/img/projeler/32/bakim-rehabilitasyon-ve-egitim-merkezi-3.jpg]
[demo4.togdemyazilim.com/projeler/sanatcilar-parki-revizyonu-80.html]
[admin.togdem.com/AdminPanel_Assets/img/projeler/32/sanatcilar-parki-revizyonu-4.jpg]
[demo4.togdemyazilim.com/projeler/tarik-akan-gunduz-cocuk-bakimevi-81.html]
[admin.togdem.com/AdminPanel_Assets/img/projeler/32/tarik-akan-gunduz-cocuk-bakimevi-2.jpg]
[demo4.togdemyazilim.com/projeler.html]
[admin.togdem.com/AdminPanel_Assets/img/haberler/32/250-bin-cicek-toprakla-bulusuyor-0.jpg]
[admin.togdem.com/AdminPanel_Assets/img/haberler/32/250-bin-cicek-toprakla-bulusuyor-1.jpg]
[admin.togdem.com/AdminPanel_Assets/img/haberler/32/250-bin-cicek-toprakla-bulusuyor-2.jpg]
[admin.togdem.com/AdminPanel_Assets/img/haberler/32/250-bin-cicek-toprakla-bulusuyor-3.jpg]
[demo4.togdemyazilim.com/haberler/250-bin-cicek-toprakla-bulusuyor-2297.html]
[admin.togdem.com/AdminPanel_Assets/img/haberler/32/asfaltlama-calismalari-devam-ediyor-0.jpg]
[admin.togdem.com/AdminPanel_Assets/img/haberler/32/asfaltlama-calismalari-devam-ediyor-1.jpg]
[admin.togdem.com/AdminPanel_Assets/img/haberler/32/asfaltlama-calismalari-devam-ediyor-2.jpg]
[demo4.togdemyazilim.com/haberler/asfaltlama-calismalari-devam-ediyor-2296.html]
[admin.togdem.com/AdminPanel_Assets/img/haberler/32/sokak-hayvanlarini-unutmadik-0.jpg]
[admin.togdem.com/AdminPanel_Assets/img/haberler/32/sokak-hayvanlarini-unutmadik-1.jpg]
[admin.togdem.com/AdminPanel_Assets/img/haberler/32/sokak-hayvanlarini-unutmadik-2.jpg]
[demo4.togdemyazilim.com/haberler/sokak-hayvanlarini-unutmadik-2295.html]
[admin.togdem.com/AdminPanel_Assets/img/haberler/32/kar-gunceye-cok-yakisti-0.jpg]
[admin.togdem.com/AdminPanel_Assets/img/haberler/32/kar-gunceye-cok-yakisti-1.jpg]
[admin.togdem.com/AdminPanel_Assets/img/haberler/32/kar-gunceye-cok-yakisti-2.jpg]
[demo4.togdemyazilim.com/haberler/kar-gunceye-cok-yakisti-2294.html]
[admin.togdem.com/AdminPanel_Assets/img/haberler/32/uc-bolgeyi-asfaltla-bulusturduk-0.jpg]
[admin.togdem.com/AdminPanel_Assets/img/haberler/32/uc-bolgeyi-asfaltla-bulusturduk-1.jpg]
[admin.togdem.com/AdminPanel_Assets/img/haberler/32/uc-bolgeyi-asfaltla-bulusturduk-2.jpg]
[admin.togdem.com/AdminPanel_Assets/img/haberler/32/uc-bolgeyi-asfaltla-bulusturduk-3.jpg]
[admin.togdem.com/AdminPanel_Assets/img/haberler/32/uc-bolgeyi-asfaltla-bulusturduk-4.jpg]
[demo4.togdemyazilim.com/haberler/uc-bolgeyi-asfaltla-bulusturduk-2293.html]
[demo4.togdemyazilim.com/home/vefatedenler.html]
[demo4.togdemyazilim.com/home/isteksikayet.html]
[demo4.togdemyazilim.com/home/bifikrimvar.html]
[demo4.togdemyazilim.com/home/belgeOrnekleri.html]
[demo4.togdemyazilim.com/home/iletisim.html]
[admin.togdem.com/AdminPanel_Assets/img/haberler/32/corona-virusune-karsi-tedbir-0.jpg]
[admin.togdem.com/AdminPanel_Assets/img/haberler/32/corona-virusune-karsi-tedbir-1.jpg]
[admin.togdem.com/AdminPanel_Assets/img/haberler/32/corona-virusune-karsi-tedbir-2.jpg]
[admin.togdem.com/AdminPanel_Assets/img/haberler/32/corona-virusune-karsi-tedbir-3.jpg]
[admin.togdem.com/AdminPanel_Assets/img/haberler/32/corona-virusune-karsi-tedbir-4.jpg]
[admin.togdem.com/AdminPanel_Assets/img/haberler/32/corona-virusune-karsi-tedbir-5.jpg]
[demo4.togdemyazilim.com/haberler/corona-virusune-karsi-tedbir-2292.html]
[admin.togdem.com/AdminPanel_Assets/img/haberler/32/asfalt-bakim-onarim-calismalari-devam-ediyor-0.jpg]
[admin.togdem.com/AdminPanel_Assets/img/haberler/32/asfalt-bakim-onarim-calismalari-devam-ediyor-1.jpg]
[admin.togdem.com/AdminPanel_Assets/img/haberler/32/asfalt-bakim-onarim-calismalari-devam-ediyor-2.jpg]
[admin.togdem.com/AdminPanel_Assets/img/haberler/32/asfalt-bakim-onarim-calismalari-devam-ediyor-3.jpg]
[demo4.togdemyazilim.com/haberler/asfalt-bakim-onarim-calismalari-devam-ed-2291.html]
[admin.togdem.com/AdminPanel_Assets/img/haberler/32/parklara-bahar-bakimi-0.jpg]
[admin.togdem.com/AdminPanel_Assets/img/haberler/32/parklara-bahar-bakimi-1.jpg]
[demo4.togdemyazilim.com/haberler/parklara-bahar-bakimi-2290.html]
[admin.togdem.com/AdminPanel_Assets/img/haberler/32/cocuk-oyun-alanlari-dezenfekte-ediliyor_0.jpg]
[admin.togdem.com/AdminPanel_Assets/img/haberler/32/cocuk-oyun-alanlari-dezenfekte-ediliyor_1.jpg]
[admin.togdem.com/AdminPanel_Assets/img/haberler/32/cocuk-oyun-alanlari-dezenfekte-ediliyor_2.jpg]
[admin.togdem.com/AdminPanel_Assets/img/haberler/32/cocuk-oyun-alanlari-dezenfekte-ediliyor_3.jpg]
[admin.togdem.com/AdminPanel_Assets/img/haberler/32/cocuk-oyun-alanlari-dezenfekte-ediliyor_4.jpg]
[admin.togdem.com/AdminPanel_Assets/img/haberler/32/cocuk-oyun-alanlari-dezenfekte-ediliyor_5.jpg]
[demo4.togdemyazilim.com/haberler/cocuk-oyun-alanlari-dezenfekte-ediliyor-2289.html]
[admin.togdem.com/AdminPanel_Assets/img/etkinlikler/32/memleketim-0.jpg]
[admin.togdem.com/AdminPanel_Assets/img/etkinlikler/32/memleketim-1.jpg]
[admin.togdem.com/AdminPanel_Assets/img/etkinlikler/32/memleketim-2.jpg]
[demo4.togdemyazilim.com/etkinlikler/memleketim-1305.html]
[admin.togdem.com/AdminPanel_Assets/img/etkinlikler/32/amiral-batti-kaciyorusss-tiyatrosu-0.jpg]
[admin.togdem.com/AdminPanel_Assets/img/etkinlikler/32/amiral-batti-kaciyorusss-tiyatrosu-1.jpg]
[admin.togdem.com/AdminPanel_Assets/img/etkinlikler/32/amiral-batti-kaciyorusss-tiyatrosu-2.jpg]
[demo4.togdemyazilim.com/etkinlikler/amiral-batti-kaciyorusss-tiyatrosu-1302.html]
[admin.togdem.com/AdminPanel_Assets/img/etkinlikler/32/windsorun-sen-kadinlari-0.jpg]
[admin.togdem.com/AdminPanel_Assets/img/etkinlikler/32/windsorun-sen-kadinlari-1.jpg]
[admin.togdem.com/AdminPanel_Assets/img/etkinlikler/32/windsorun-sen-kadinlari-2.jpg]
[demo4.togdemyazilim.com/etkinlikler/windsorun-sen-kadinlari-1303.html]
[admin.togdem.com/AdminPanel_Assets/img/etkinlikler/32/kamelyali-kadin-0.jpg]
[admin.togdem.com/AdminPanel_Assets/img/etkinlikler/32/kamelyali-kadin-1.jpg]
[admin.togdem.com/AdminPanel_Assets/img/etkinlikler/32/kamelyali-kadin-2.jpg]
[demo4.togdemyazilim.com/etkinlikler/kamelyali-kadin-1304.html]
[admin.togdem.com/AdminPanel_Assets/img/etkinlikler/32/buzlar-cozulmeden-0.jpg]
[admin.togdem.com/AdminPanel_Assets/img/etkinlikler/32/buzlar-cozulmeden-1.jpg]
[admin.togdem.com/AdminPanel_Assets/img/etkinlikler/32/buzlar-cozulmeden-2.jpg]
[demo4.togdemyazilim.com/etkinlikler/buzlar-cozulmeden-1306.html]
[demo4.togdemyazilim.com/home/kentrehberi.html]
[demo4.togdemyazilim.com/home/baskanalbum/1.html]
[img.youtube.com/vi/C2YwlivReWo/mqdefault.jpg]
[demo4.togdemyazilim.com/haberler/index.html]
[demo4.togdemyazilim.com/etkinlikler.html]
[demo4.togdemyazilim.com/home/projeler.html]
[demo4.togdemyazilim.com/home/index.html]
[cdnjs.cloudflare.com/ajax/libs/lightbox2/2.8.2/images/close.png]
[cdnjs.cloudflare.com/ajax/libs/lightbox2/2.8.2/images/loading.gif]
[cdnjs.cloudflare.com/ajax/libs/lightbox2/2.8.2/images/prev.png]
[cdnjs.cloudflare.com/ajax/libs/lightbox2/2.8.2/css/lightbox.min.css]
[cdnjs.cloudflare.com/ajax/libs/lightbox2/2.8.2/images/next.png]
[connect.facebook.net/tr_TR/sdk.js]
[demo4.togdemyazilim.com/wp-content/plugins/revslider/public/assets/fonts/revicons/revicons90c690c6.svg]
[demo4.togdemyazilim.com/wp-content/plugins/revslider/public/assets/css/openhand.html]
[demo4.togdemyazilim.com/wp-content/plugins/revslider/public/assets/css/closedhand.html]
[demo4.togdemyazilim.com/wp-content/plugins/woocommerce/assets/fonts/star.svg]
[demo4.togdemyazilim.com/wp-content/plugins/woocommerce/assets/fonts/WooCommerce.svg]
[demo4.togdemyazilim.com/wp-content/plugins/woocommerce/assets/images/icons/loader.svg]
[demo4.togdemyazilim.com/wp-content/plugins/woocommerce/assets/images/icons/credit-cards/visa.svg]
[demo4.togdemyazilim.com/wp-content/plugins/woocommerce/assets/images/icons/credit-cards/mastercard.svg]
[demo4.togdemyazilim.com/wp-content/plugins/woocommerce/assets/images/icons/credit-cards/laser.svg]
[demo4.togdemyazilim.com/wp-content/plugins/woocommerce/assets/images/icons/credit-cards/diners.svg]
[demo4.togdemyazilim.com/wp-content/plugins/woocommerce/assets/images/icons/credit-cards/maestro.svg]
[demo4.togdemyazilim.com/wp-content/plugins/woocommerce/assets/images/icons/credit-cards/jcb.svg]
[demo4.togdemyazilim.com/wp-content/plugins/woocommerce/assets/images/icons/credit-cards/amex.svg]
[demo4.togdemyazilim.com/wp-content/plugins/woocommerce/assets/images/icons/credit-cards/discover.svg]
[demo4.togdemyazilim.com/wp-content/themes/kallyas/template_helpers/icons/glyphicons_halflingsregular/glyphicons_halflingsregular.html]
[demo4.togdemyazilim.com/wp-content/themes/kallyas/template_helpers/icons/glyphicons_halflingsregular/glyphicons_halflingsregular.svg]
[demo4.togdemyazilim.com/wp-content/themes/kallyas/images/select-arrow.svg]
[demo4.togdemyazilim.com/wp-content/themes/kallyas/images/ring-alt.svg]
[demo4.togdemyazilim.com/wp-content/themes/kallyas/images/select-arrow-dark.svg]
[demo4.togdemyazilim.com/wp-content/themes/kallyas/template_helpers/icons/kl-social-icons/kl-social-icons.svg]
[demo4.togdemyazilim.com/wp-content/uploads/sites/33/zn_fonts/kallyas/kallyas.svg]
[demo4.togdemyazilim.com/duyurular/index.html]
[demo4.togdemyazilim.com/home/index-2.html]
[demo4.togdemyazilim.com/home/baskanAlbum/1-2.html]
[admin.togdem.com/AdminPanel_Assets/img/birimler/32/birim-yetkili-1.png]
[demo4.togdemyazilim.com/birimler/ornek-birim-52.html]
[demo4.togdemyazilim.com/birimler/ornek-birim-53.html]
[demo4.togdemyazilim.com/birimler/ornek-birim-54.html]
[demo4.togdemyazilim.com/home/birimler/1.html]
[demo4.togdemyazilim.com/home/baskanyardimcilari/1.html]
[demo4.togdemyazilim.com/home/meclisuyeleri/1.html]
[demo4.togdemyazilim.com/home/encumenler/1.html]
[admin.togdem.com/AdminPanel_Assets/img/encumenler/32/guncelleme/107.png]
[admin.togdem.com/AdminPanel_Assets/img/encumenler/32/guncelleme/108.png]
[admin.togdem.com/AdminPanel_Assets/img/encumenler/32/guncelleme/109.png]
[demo4.togdemyazilim.com/home/encumenler/2.html]
[demo4.togdemyazilim.com/home/eskibaskanlar/1.html]
[demo4.togdemyazilim.com/home/Muhtarlar/1.html]
[admin.togdem.com/AdminPanel_Assets/img/muhtarlar/32/fatma-esen.jpg]
[demo4.togdemyazilim.com/home/Muhtarlar/2.html]
[admin.togdem.com/AdminPanel_Assets/img/tarihi-yer/32/tarihi-kaleici-0.jpg]
[admin.togdem.com/AdminPanel_Assets/img/tarihi-yer/32/tarihi-kaleici-1.jpg]
[admin.togdem.com/AdminPanel_Assets/img/tarihi-yer/32/tarihi-kaleici-2.jpg]
[admin.togdem.com/AdminPanel_Assets/img/tarihi-yer/32/tarihi-kaleici-3.jpg]
[admin.togdem.com/AdminPanel_Assets/img/tarihi-yer/32/tarihi-kaleici-4.jpg]
[admin.togdem.com/AdminPanel_Assets/img/tarihi-yer/32/tarihi-kaleici-5.jpg]
[admin.togdem.com/AdminPanel_Assets/img/tarihi-yer/32/tarihi-kaleici-6.jpg]
[admin.togdem.com/AdminPanel_Assets/img/tarihi-yer/32/tarihi-kaleici-7.jpg]
[admin.togdem.com/AdminPanel_Assets/img/tarihi-yer/32/tarihi-kaleici-8.jpg]
[admin.togdem.com/AdminPanel_Assets/img/tarihi-yer/32/tarihi-kaleici-9.jpg]
[admin.togdem.com/AdminPanel_Assets/img/tarihi-yer/32/tarihi-kaleici-10.jpg]
[demo4.togdemyazilim.com/kentrehberi/tarihi-kaleici-67.html]
[admin.togdem.com/AdminPanel_Assets/img/tarihi-yer/32/yivli-minare-0.jpg]
[admin.togdem.com/AdminPanel_Assets/img/tarihi-yer/32/yivli-minare-1.jpg]
[admin.togdem.com/AdminPanel_Assets/img/tarihi-yer/32/yivli-minare-2.jpg]
[admin.togdem.com/AdminPanel_Assets/img/tarihi-yer/32/yivli-minare-3.jpg]
[admin.togdem.com/AdminPanel_Assets/img/tarihi-yer/32/yivli-minare-4.jpg]
[admin.togdem.com/AdminPanel_Assets/img/tarihi-yer/32/yivli-minare-5.jpg]
[admin.togdem.com/AdminPanel_Assets/img/tarihi-yer/32/yivli-minare-6.jpg]
[admin.togdem.com/AdminPanel_Assets/img/tarihi-yer/32/yivli-minare-7.jpg]
[admin.togdem.com/AdminPanel_Assets/img/tarihi-yer/32/yivli-minare-8.jpg]
[demo4.togdemyazilim.com/kentrehberi/yivli-minare-68.html]
[demo4.togdemyazilim.com/kentrehberi/hadrian-kapisi-69.html]
[admin.togdem.com/AdminPanel_Assets/img/tarihi-yer/32/hadrian-kapisi-8.jpg]
[demo4.togdemyazilim.com/kentrehberi/phaselis-antik-kenti-70.html]
[admin.togdem.com/AdminPanel_Assets/img/tarihi-yer/32/phaselis-antik-kenti-9.jpg]
[demo4.togdemyazilim.com/kentrehberi/aspendos-antik-tiyatrosu-72.html]
[admin.togdem.com/AdminPanel_Assets/img/tarihi-yer/32/aspendos-antik-tiyatrosu-9.jpg]
[demo4.togdemyazilim.com/kentrehberi/perge-antik-kenti-73.html]
[admin.togdem.com/AdminPanel_Assets/img/tarihi-yer/32/perge-antik-kenti-11.jpg]
[demo4.togdemyazilim.com/kentrehberi/kentrehberiliste/tarihi-yer/2.html]
[demo4.togdemyazilim.com/kentrehberi/kentrehberiliste/tarihi-yer/1.html]
[admin.togdem.com/AdminPanel_Assets/img/sosyal-tesis/32/sumbullu-bahce-konagi-0.jpg]
[admin.togdem.com/AdminPanel_Assets/img/sosyal-tesis/32/sumbullu-bahce-konagi-1.jpg]
[admin.togdem.com/AdminPanel_Assets/img/sosyal-tesis/32/sumbullu-bahce-konagi-2.png]
[admin.togdem.com/AdminPanel_Assets/img/sosyal-tesis/32/sumbullu-bahce-konagi-3.jpg]
[admin.togdem.com/AdminPanel_Assets/img/sosyal-tesis/32/sumbullu-bahce-konagi-4.jpg]
[admin.togdem.com/AdminPanel_Assets/img/sosyal-tesis/32/sumbullu-bahce-konagi-5.jpg]
[admin.togdem.com/AdminPanel_Assets/img/sosyal-tesis/32/sumbullu-bahce-konagi-6.png]
[admin.togdem.com/AdminPanel_Assets/img/sosyal-tesis/32/sumbullu-bahce-konagi-7.png]
[admin.togdem.com/AdminPanel_Assets/img/sosyal-tesis/32/sumbullu-bahce-konagi-8.png]
[admin.togdem.com/AdminPanel_Assets/img/sosyal-tesis/32/sumbullu-bahce-konagi-9.jpg]
[demo4.togdemyazilim.com/kentrehberi/sumbullu-bahce-konagi-61.html]
[admin.togdem.com/AdminPanel_Assets/img/sosyal-tesis/32/haraccioglu-sosyal-tesisleri-0.jpg]
[admin.togdem.com/AdminPanel_Assets/img/sosyal-tesis/32/haraccioglu-sosyal-tesisleri-1.jpg]
[admin.togdem.com/AdminPanel_Assets/img/sosyal-tesis/32/haraccioglu-sosyal-tesisleri-2.jpg]
[demo4.togdemyazilim.com/kentrehberi/haraccioglu-sosyal-tesisleri-62.html]
[demo4.togdemyazilim.com/kentrehberi/degirmen-parki-ve-sosyal-tesisi-63.html]
[admin.togdem.com/AdminPanel_Assets/img/sosyal-tesis/32/degirmen-parki-ve-sosyal-tesisi-3.png]
[demo4.togdemyazilim.com/kentrehberi/buyukcekmece-sosyal-tesisi-64.html]
[admin.togdem.com/AdminPanel_Assets/img/sosyal-tesis/32/buyukcekmece-sosyal-tesisi-9.jpg]
[demo4.togdemyazilim.com/kentrehberi/arnavutkoy-sosyal-tesisi-65.html]
[admin.togdem.com/AdminPanel_Assets/img/sosyal-tesis/32/arnavutkoy-sosyal-tesisi-10.jpg]
[demo4.togdemyazilim.com/kentrehberi/kentrehberiliste/sosyal-tesis/1.html]
[demo4.togdemyazilim.com/home/feed/index.html]
[demo4.togdemyazilim.com/home/xmlrpc0db00db0.html]
[demo4.togdemyazilim.com/home/galeri/index.html]
[demo4.togdemyazilim.com/home/index198a198a.html]
[demo4.togdemyazilim.com/home/sehitlerimiz/1.html]
[demo4.togdemyazilim.com/haberler/index-2.html]
[demo4.togdemyazilim.com/etkinlikler/index.html]
[demo4.togdemyazilim.com/Etkinlikler/1-2.html]
[demo4.togdemyazilim.com/duyurular/Maskemizi takalım mesafemizi koruyalım-4083.html]
[admin.togdem.com/AdminPanel_Assets/img/projeler/32/belediye-saglik-tarama-tedavi-merkezi-projesi-0.jpg]
[admin.togdem.com/AdminPanel_Assets/img/projeler/32/belediye-saglik-tarama-tedavi-merkezi-projesi-1.jpg]
[admin.togdem.com/AdminPanel_Assets/img/projeler/32/belediye-saglik-tarama-tedavi-merkezi-projesi-2.jpg]
[admin.togdem.com/AdminPanel_Assets/img/projeler/32/belediye-saglik-tarama-tedavi-merkezi-projesi-3.jpg]
[admin.togdem.com/AdminPanel_Assets/img/projeler/32/belediye-saglik-tarama-tedavi-merkezi-projesi-4.jpg]
[demo4.togdemyazilim.com/projeler/belediye-saglik-tarama-tedavi-merkezi-projesi-76.html]
[admin.togdem.com/AdminPanel_Assets/img/projeler/32/bilim-ve-teknoloji-merkezi-projesi-0.jpg]
[admin.togdem.com/AdminPanel_Assets/img/projeler/32/bilim-ve-teknoloji-merkezi-projesi-1.jpg]
[admin.togdem.com/AdminPanel_Assets/img/projeler/32/bilim-ve-teknoloji-merkezi-projesi-2.jpg]
[admin.togdem.com/AdminPanel_Assets/img/projeler/32/bilim-ve-teknoloji-merkezi-projesi-3.jpg]
[admin.togdem.com/AdminPanel_Assets/img/projeler/32/bilim-ve-teknoloji-merkezi-projesi-4.jpg]
[demo4.togdemyazilim.com/projeler/bilim-ve-teknoloji-merkezi-projesi-77.html]
[demo4.togdemyazilim.com/projeler/karabuk-safranbolu-kesintisiz-ulasim-projesi-78.html]
[admin.togdem.com/AdminPanel_Assets/img/projeler/32/karabuk-safranbolu-kesintisiz-ulasim-projesi-5.jpg]
[demo4.togdemyazilim.com/projeler/projelistesi/planlanan/1.html]
[admin.togdem.com/AdminPanel_Assets/img/projeler/32/bakim-rehabilitasyon-ve-egitim-merkezi-0.jpg]
[admin.togdem.com/AdminPanel_Assets/img/projeler/32/bakim-rehabilitasyon-ve-egitim-merkezi-1.jpg]
[admin.togdem.com/AdminPanel_Assets/img/projeler/32/bakim-rehabilitasyon-ve-egitim-merkezi-2.jpg]
[demo4.togdemyazilim.com/projeler/bakim-rehabilitasyon-ve-egitim-merkezi-79.html]
[admin.togdem.com/AdminPanel_Assets/img/projeler/32/sanatcilar-parki-revizyonu-0.jpg]
[admin.togdem.com/AdminPanel_Assets/img/projeler/32/sanatcilar-parki-revizyonu-1.jpg]
[admin.togdem.com/AdminPanel_Assets/img/projeler/32/sanatcilar-parki-revizyonu-2.jpg]
[admin.togdem.com/AdminPanel_Assets/img/projeler/32/sanatcilar-parki-revizyonu-3.jpg]
[demo4.togdemyazilim.com/projeler/sanatcilar-parki-revizyonu-80.html]
[admin.togdem.com/AdminPanel_Assets/img/projeler/32/tarik-akan-gunduz-cocuk-bakimevi-0.jpg]
[admin.togdem.com/AdminPanel_Assets/img/projeler/32/tarik-akan-gunduz-cocuk-bakimevi-1.jpg]
[demo4.togdemyazilim.com/projeler/tarik-akan-gunduz-cocuk-bakimevi-81.html]
[demo4.togdemyazilim.com/home/baskanalbum/index.html]
[demo4.togdemyazilim.com/home/baskanAlbum/index-2.html]
[demo4.togdemyazilim.com/birimler/index.html]
[demo4.togdemyazilim.com/home/birimler/index.html]
[demo4.togdemyazilim.com/home/baskanyardimcilari/index.html]
[demo4.togdemyazilim.com/home/meclisuyeleri/index.html]
[demo4.togdemyazilim.com/home/encumenler/index.html]
[demo4.togdemyazilim.com/home/eskibaskanlar/index.html]
[demo4.togdemyazilim.com/home/Muhtarlar/index.html]
[demo4.togdemyazilim.com/kentrehberi/index.html]
[demo4.togdemyazilim.com/kentrehberi/kentrehberiliste/feed/index.html]
[demo4.togdemyazilim.com/kentrehberi/kentrehberiliste/xmlrpc0db00db0.html]
[demo4.togdemyazilim.com/kentrehberi/kentrehberiliste/tarihi-yer/index.html]
[demo4.togdemyazilim.com/kentrehberi/kentrehberiliste/index198a198a.html]
[admin.togdem.com/AdminPanel_Assets/img/tarihi-yer/32/hadrian-kapisi-0.jpg]
[admin.togdem.com/AdminPanel_Assets/img/tarihi-yer/32/hadrian-kapisi-1.jpg]
[admin.togdem.com/AdminPanel_Assets/img/tarihi-yer/32/hadrian-kapisi-2.jpg]
[admin.togdem.com/AdminPanel_Assets/img/tarihi-yer/32/hadrian-kapisi-3.jpg]
[admin.togdem.com/AdminPanel_Assets/img/tarihi-yer/32/hadrian-kapisi-4.jpg]
[admin.togdem.com/AdminPanel_Assets/img/tarihi-yer/32/hadrian-kapisi-5.jpg]
[admin.togdem.com/AdminPanel_Assets/img/tarihi-yer/32/hadrian-kapisi-6.jpg]
[admin.togdem.com/AdminPanel_Assets/img/tarihi-yer/32/hadrian-kapisi-7.jpg]
[demo4.togdemyazilim.com/kentrehberi/hadrian-kapisi-69.html]
[admin.togdem.com/AdminPanel_Assets/img/tarihi-yer/32/phaselis-antik-kenti-1.jpg]
[admin.togdem.com/AdminPanel_Assets/img/tarihi-yer/32/phaselis-antik-kenti-2.jpg]
[admin.togdem.com/AdminPanel_Assets/img/tarihi-yer/32/phaselis-antik-kenti-3.jpg]
[admin.togdem.com/AdminPanel_Assets/img/tarihi-yer/32/phaselis-antik-kenti-4.jpg]
[admin.togdem.com/AdminPanel_Assets/img/tarihi-yer/32/phaselis-antik-kenti-5.jpg]
[admin.togdem.com/AdminPanel_Assets/img/tarihi-yer/32/phaselis-antik-kenti-6.jpg]
[admin.togdem.com/AdminPanel_Assets/img/tarihi-yer/32/phaselis-antik-kenti-7.jpg]
[admin.togdem.com/AdminPanel_Assets/img/tarihi-yer/32/phaselis-antik-kenti-8.jpg]
[demo4.togdemyazilim.com/kentrehberi/phaselis-antik-kenti-70.html]
[admin.togdem.com/AdminPanel_Assets/img/tarihi-yer/32/aspendos-antik-tiyatrosu-0.jpg]
[admin.togdem.com/AdminPanel_Assets/img/tarihi-yer/32/aspendos-antik-tiyatrosu-1.jpg]
[admin.togdem.com/AdminPanel_Assets/img/tarihi-yer/32/aspendos-antik-tiyatrosu-2.jpg]
[admin.togdem.com/AdminPanel_Assets/img/tarihi-yer/32/aspendos-antik-tiyatrosu-3.jpg]
[admin.togdem.com/AdminPanel_Assets/img/tarihi-yer/32/aspendos-antik-tiyatrosu-4.jpg]
[admin.togdem.com/AdminPanel_Assets/img/tarihi-yer/32/aspendos-antik-tiyatrosu-5.jpg]
[admin.togdem.com/AdminPanel_Assets/img/tarihi-yer/32/aspendos-antik-tiyatrosu-6.jpg]
[admin.togdem.com/AdminPanel_Assets/img/tarihi-yer/32/aspendos-antik-tiyatrosu-7.jpg]
[admin.togdem.com/AdminPanel_Assets/img/tarihi-yer/32/aspendos-antik-tiyatrosu-8.jpg]
[demo4.togdemyazilim.com/kentrehberi/aspendos-antik-tiyatrosu-72.html]
[admin.togdem.com/AdminPanel_Assets/img/tarihi-yer/32/perge-antik-kenti-0.jpg]
[admin.togdem.com/AdminPanel_Assets/img/tarihi-yer/32/perge-antik-kenti-1.jpg]
[admin.togdem.com/AdminPanel_Assets/img/tarihi-yer/32/perge-antik-kenti-2.jpg]
[admin.togdem.com/AdminPanel_Assets/img/tarihi-yer/32/perge-antik-kenti-3.jpg]
[admin.togdem.com/AdminPanel_Assets/img/tarihi-yer/32/perge-antik-kenti-4.jpg]
[admin.togdem.com/AdminPanel_Assets/img/tarihi-yer/32/perge-antik-kenti-5.jpg]
[admin.togdem.com/AdminPanel_Assets/img/tarihi-yer/32/perge-antik-kenti-6.jpg]
[admin.togdem.com/AdminPanel_Assets/img/tarihi-yer/32/perge-antik-kenti-7.jpg]
[admin.togdem.com/AdminPanel_Assets/img/tarihi-yer/32/perge-antik-kenti-8.jpg]
[admin.togdem.com/AdminPanel_Assets/img/tarihi-yer/32/perge-antik-kenti-9.jpg]
[admin.togdem.com/AdminPanel_Assets/img/tarihi-yer/32/perge-antik-kenti-10.jpg]
[demo4.togdemyazilim.com/kentrehberi/perge-antik-kenti-73.html]
[demo4.togdemyazilim.com/kentrehberi/olimpos-antik-kenti-74.html]
[admin.togdem.com/AdminPanel_Assets/img/tarihi-yer/32/olimpos-antik-kenti-10.jpg]
[demo4.togdemyazilim.com/kentrehberi/kentrehberiliste/tarihi-yer/2.html]
[demo4.togdemyazilim.com/kentrehberi/kentrehberiliste/sosyal-tesis/index.html]
[admin.togdem.com/AdminPanel_Assets/img/sosyal-tesis/32/degirmen-parki-ve-sosyal-tesisi-0.png]
[admin.togdem.com/AdminPanel_Assets/img/sosyal-tesis/32/degirmen-parki-ve-sosyal-tesisi-1.png]
[admin.togdem.com/AdminPanel_Assets/img/sosyal-tesis/32/degirmen-parki-ve-sosyal-tesisi-2.png]
[demo4.togdemyazilim.com/kentrehberi/degirmen-parki-ve-sosyal-tesisi-63.html]
[admin.togdem.com/AdminPanel_Assets/img/sosyal-tesis/32/buyukcekmece-sosyal-tesisi-0.jpg]
[admin.togdem.com/AdminPanel_Assets/img/sosyal-tesis/32/buyukcekmece-sosyal-tesisi-1.jpg]
[admin.togdem.com/AdminPanel_Assets/img/sosyal-tesis/32/buyukcekmece-sosyal-tesisi-2.jpg]
[admin.togdem.com/AdminPanel_Assets/img/sosyal-tesis/32/buyukcekmece-sosyal-tesisi-3.jpg]
[admin.togdem.com/AdminPanel_Assets/img/sosyal-tesis/32/buyukcekmece-sosyal-tesisi-4.jpg]
[admin.togdem.com/AdminPanel_Assets/img/sosyal-tesis/32/buyukcekmece-sosyal-tesisi-5.jpg]
[admin.togdem.com/AdminPanel_Assets/img/sosyal-tesis/32/buyukcekmece-sosyal-tesisi-6.jpg]
[admin.togdem.com/AdminPanel_Assets/img/sosyal-tesis/32/buyukcekmece-sosyal-tesisi-7.jpg]
[admin.togdem.com/AdminPanel_Assets/img/sosyal-tesis/32/buyukcekmece-sosyal-tesisi-8.jpg]
[demo4.togdemyazilim.com/kentrehberi/buyukcekmece-sosyal-tesisi-64.html]
[admin.togdem.com/AdminPanel_Assets/img/sosyal-tesis/32/arnavutkoy-sosyal-tesisi-0.jpg]
[admin.togdem.com/AdminPanel_Assets/img/sosyal-tesis/32/arnavutkoy-sosyal-tesisi-1.jpg]
[admin.togdem.com/AdminPanel_Assets/img/sosyal-tesis/32/arnavutkoy-sosyal-tesisi-2.jpg]
[admin.togdem.com/AdminPanel_Assets/img/sosyal-tesis/32/arnavutkoy-sosyal-tesisi-3.jpg]
[admin.togdem.com/AdminPanel_Assets/img/sosyal-tesis/32/arnavutkoy-sosyal-tesisi-4.jpg]
[admin.togdem.com/AdminPanel_Assets/img/sosyal-tesis/32/arnavutkoy-sosyal-tesisi-5.jpg]
[admin.togdem.com/AdminPanel_Assets/img/sosyal-tesis/32/arnavutkoy-sosyal-tesisi-6.jpg]
[admin.togdem.com/AdminPanel_Assets/img/sosyal-tesis/32/arnavutkoy-sosyal-tesisi-7.jpg]
[admin.togdem.com/AdminPanel_Assets/img/sosyal-tesis/32/arnavutkoy-sosyal-tesisi-8.jpg]
[admin.togdem.com/AdminPanel_Assets/img/sosyal-tesis/32/arnavutkoy-sosyal-tesisi-9.jpg]
[demo4.togdemyazilim.com/kentrehberi/arnavutkoy-sosyal-tesisi-65.html]
[demo4.togdemyazilim.com/home/sehitlerimiz/index.html]
[demo4.togdemyazilim.com/Etkinlikler/index-2.html]
[demo4.togdemyazilim.com/projeler/index.html]
[demo4.togdemyazilim.com/projeler/projelistesi/feed/index.html]
[demo4.togdemyazilim.com/projeler/projelistesi/xmlrpc0db00db0.html]
[demo4.togdemyazilim.com/projeler/projelistesi/planlanan/index.html]
[demo4.togdemyazilim.com/projeler/projelistesi/index198a198a.html]
[admin.togdem.com/AdminPanel_Assets/img/projeler/32/karabuk-safranbolu-kesintisiz-ulasim-projesi-0.jpg]
[admin.togdem.com/AdminPanel_Assets/img/projeler/32/karabuk-safranbolu-kesintisiz-ulasim-projesi-1.jpg]
[admin.togdem.com/AdminPanel_Assets/img/projeler/32/karabuk-safranbolu-kesintisiz-ulasim-projesi-2.jpg]
[admin.togdem.com/AdminPanel_Assets/img/projeler/32/karabuk-safranbolu-kesintisiz-ulasim-projesi-3.jpg]
[admin.togdem.com/AdminPanel_Assets/img/projeler/32/karabuk-safranbolu-kesintisiz-ulasim-projesi-4.jpg]
[demo4.togdemyazilim.com/projeler/karabuk-safranbolu-kesintisiz-ulasim-projesi-78.html]
[admin.togdem.com/AdminPanel_Assets/img/tarihi-yer/32/olimpos-antik-kenti-0.jpg]
[admin.togdem.com/AdminPanel_Assets/img/tarihi-yer/32/olimpos-antik-kenti-1.jpg]
[admin.togdem.com/AdminPanel_Assets/img/tarihi-yer/32/olimpos-antik-kenti-2.jpg]
[admin.togdem.com/AdminPanel_Assets/img/tarihi-yer/32/olimpos-antik-kenti-3.jpg]
[admin.togdem.com/AdminPanel_Assets/img/tarihi-yer/32/olimpos-antik-kenti-4.jpg]
[admin.togdem.com/AdminPanel_Assets/img/tarihi-yer/32/olimpos-antik-kenti-5.jpg]
[admin.togdem.com/AdminPanel_Assets/img/tarihi-yer/32/olimpos-antik-kenti-6.jpg]
[admin.togdem.com/AdminPanel_Assets/img/tarihi-yer/32/olimpos-antik-kenti-7.jpg]
[admin.togdem.com/AdminPanel_Assets/img/tarihi-yer/32/olimpos-antik-kenti-8.jpg]
[admin.togdem.com/AdminPanel_Assets/img/tarihi-yer/32/olimpos-antik-kenti-9.jpg]
[demo4.togdemyazilim.com/kentrehberi/olimpos-antik-kenti-74.html]
